CREATE EXTENSION tsexact;
SELECT ts_exact_match('a:2 b:3 c:5'::tsvector, 'a:1 b:2 c:4'::tsvector);
 ts_exact_match 
----------------
 t
(1 row)

SELECT ts_exact_match('a:2 b:3 c:4'::tsvector, 'a:1 b:2 c:4'::tsvector);
 ts_exact_match 
----------------
 f
(1 row)

SELECT ts_exact_match('a:2 b:3 c:4'::tsvector, 'a:1 b:2 c:3'::tsvector);
 ts_exact_match 
----------------
 t
(1 row)

SELECT ts_exact_match('a:1,2,6,7,8 b:3,4,5,9,10'::tsvector, 'a:1,2,3 b:4,5'::tsvector);
 ts_exact_match 
----------------
 t
(1 row)

SELECT ts_exact_match('a:1,2,6,7 b:3,4,5,8,9'::tsvector, 'a:1,2,3 b:4,5'::tsvector);
 ts_exact_match 
----------------
 f
(1 row)

SELECT ts_exact_match('a:1 b:2'::tsvector, 'a:1 b:2 c:2'::tsvector);
 ts_exact_match 
----------------
 t
(1 row)

SELECT ts_exact_match('a:1 c:2'::tsvector, 'a:1 b:2 c:2'::tsvector);
 ts_exact_match 
----------------
 t
(1 row)

SELECT ts_exact_match('a:1 d:2'::tsvector, 'a:1 b:2 c:2'::tsvector);
 ts_exact_match 
----------------
 f
(1 row)

SELECT ts_exact_match('a:1 b:2 c:2'::tsvector, 'a:1 b:2 c:2'::tsvector);
 ts_exact_match 
----------------
 t
(1 row)

SELECT ts_exact_match(''::tsvector, ''::tsvector);
 ts_exact_match 
----------------
 t
(1 row)

SELECT ts_exact_match('a:1'::tsvector, ''::tsvector);
 ts_exact_match 
----------------
 t
(1 row)

SELECT ts_exact_match(''::tsvector, 'a:1'::tsvector);
 ts_exact_match 
----------------
 f
(1 row)

SELECT ts_squeeze('a:1,6 b:2,9 c:4'::tsvector);
      ts_squeeze       
-----------------------
 'a':1,4 'b':2,5 'c':3
(1 row)

SELECT ts_squeeze('a:2,10 b:5,6 c:8 d:12'::tsvector);
         ts_squeeze          
-----------------------------
 'a':1,5 'b':2,3 'c':4 'd':6
(1 row)

SELECT setweight('a & b'::tsquery, 'A');
   setweight   
---------------
 'a':A & 'b':A
(1 row)

SELECT setweight('a:A & (b:B | c:C)'::tsquery, 'CD');
          setweight           
------------------------------
 'a':CD & ( 'b':CD | 'c':CD )
(1 row)

SELECT setweight('a:B | b:AD'::tsquery, '');
 setweight 
-----------
 'a' | 'b'
(1 row)

